// Jest Snapshot v1, https://goo.gl/fbAQLP

exports[`renders without crashing 1`] = `
<div>
  <main
    className="main"
  >
    <img
      alt="Simple surance logo"
      className="logo"
      src="simplesurance.png"
    />
    <Connect(Questions) />
  </main>
  <Footer />
</div>
`;
